Keys: [
  'AbortException',
  'FormatError',
  'InvalidPDFException',
  'Line',
  'LineDirection',
  'LineStore',
  'PDFParse',
  'PasswordException',
  'Point',
  'Rectangle',
  'ResponseException',
  'Shape',
  'Table',
  'UnknownErrorException',
  'VerbosityLevel',
  'getException'
]
Type: object
Function call failed: pdf is not a function
New call failed: pdf is not a constructor
